// Jest Snapshot v1, https://goo.gl/fbAQLP

exports[`The Button Component Should match snapshot 1`] = `
<div>
  <button
    class="sc-bcXHqe hEKieS"
  >
    test
  </button>
</div>
`;
